[2026-05-18 09:55:04] INFO  backup iniciado | contexto=login | arquivo_local=/home/matheus-mota/Desenvolvimento/PFGDH_WEB/storage/backup/prato_cheio_2026-05-18.sql | tamanho_local=683370 | host=ftp.prato-cheio.ms-tecnologia.app.br | usuario=pr***r | remote_dir=/backups
[2026-05-18 09:55:04] INFO  conectando FTP | contexto=login | host=ftp.prato-cheio.ms-tecnologia.app.br | remote_dir=/backups | tentativa=1/3
[2026-05-18 09:55:05] ERROR falha upload | contexto=login | tentativa=1/3 | arquivo=/backups/prato_cheio_2026-05-18.sql | host=ftp.prato-cheio.ms-tecnologia.app.br | remote_dir=/backups | msg=Erro ao conectar no FTP de backup.
[2026-05-18 09:55:07] INFO  conectando FTP | contexto=login | host=ftp.prato-cheio.ms-tecnologia.app.br | remote_dir=/backups | tentativa=2/3
[2026-05-18 09:55:07] ERROR falha upload | contexto=login | tentativa=2/3 | arquivo=/backups/prato_cheio_2026-05-18.sql | host=ftp.prato-cheio.ms-tecnologia.app.br | remote_dir=/backups | msg=Erro ao conectar no FTP de backup.
[2026-05-18 09:55:09] INFO  conectando FTP | contexto=login | host=ftp.prato-cheio.ms-tecnologia.app.br | remote_dir=/backups | tentativa=3/3
[2026-05-18 09:55:09] ERROR falha upload | contexto=login | tentativa=3/3 | arquivo=/backups/prato_cheio_2026-05-18.sql | host=ftp.prato-cheio.ms-tecnologia.app.br | remote_dir=/backups | msg=Erro ao conectar no FTP de backup.
[2026-05-18 10:14:06] INFO  backup iniciado | contexto=login | arquivo_local=/home/matheus-mota/Desenvolvimento/PFGDH_WEB/storage/backup/prato_cheio_2026-05-18.sql | tamanho_local=685180 | host=ftp.matheusmotadasilva1767902997474.1442123.meusitehostgator.com.br | usuario=ma***r | remote_dir=/backups
[2026-05-18 10:14:06] INFO  conectando FTP | contexto=login | host=ftp.matheusmotadasilva1767902997474.1442123.meusitehostgator.com.br | remote_dir=/backups | tentativa=1/3
[2026-05-18 10:14:21] ERROR falha upload | contexto=login | tentativa=1/3 | arquivo=/backups/prato_cheio_2026-05-18.sql | host=ftp.matheusmotadasilva1767902997474.1442123.meusitehostgator.com.br | remote_dir=/backups | msg=Erro ao conectar no FTP de backup.
[2026-05-18 10:14:23] INFO  conectando FTP | contexto=login | host=ftp.matheusmotadasilva1767902997474.1442123.meusitehostgator.com.br | remote_dir=/backups | tentativa=2/3
[2026-05-18 10:14:38] ERROR falha upload | contexto=login | tentativa=2/3 | arquivo=/backups/prato_cheio_2026-05-18.sql | host=ftp.matheusmotadasilva1767902997474.1442123.meusitehostgator.com.br | remote_dir=/backups | msg=Erro ao conectar no FTP de backup.
[2026-05-18 10:14:40] INFO  conectando FTP | contexto=login | host=ftp.matheusmotadasilva1767902997474.1442123.meusitehostgator.com.br | remote_dir=/backups | tentativa=3/3
[2026-05-18 10:14:55] ERROR falha upload | contexto=login | tentativa=3/3 | arquivo=/backups/prato_cheio_2026-05-18.sql | host=ftp.matheusmotadasilva1767902997474.1442123.meusitehostgator.com.br | remote_dir=/backups | msg=Erro ao conectar no FTP de backup.
[2026-05-18 10:16:19] INFO  backup iniciado | contexto=fechamento_dia | arquivo_local=/home/matheus-mota/Desenvolvimento/PFGDH_WEB/storage/backup/prato_cheio_2026-05-18.sql | tamanho_local=685180 | host=ftp.matheusmotadasilva1767902997474.1442123.meusitehostgator.com.br | usuario=ma***r | remote_dir=/backups
[2026-05-18 10:16:19] INFO  conectando FTP | contexto=fechamento_dia | host=ftp.matheusmotadasilva1767902997474.1442123.meusitehostgator.com.br | remote_dir=/backups | tentativa=1/3
[2026-05-18 10:16:34] ERROR falha upload | contexto=fechamento_dia | tentativa=1/3 | arquivo=/backups/prato_cheio_2026-05-18.sql | host=ftp.matheusmotadasilva1767902997474.1442123.meusitehostgator.com.br | remote_dir=/backups | msg=Erro ao conectar no FTP de backup.
[2026-05-18 10:16:36] INFO  conectando FTP | contexto=fechamento_dia | host=ftp.matheusmotadasilva1767902997474.1442123.meusitehostgator.com.br | remote_dir=/backups | tentativa=2/3
[2026-05-18 10:16:51] ERROR falha upload | contexto=fechamento_dia | tentativa=2/3 | arquivo=/backups/prato_cheio_2026-05-18.sql | host=ftp.matheusmotadasilva1767902997474.1442123.meusitehostgator.com.br | remote_dir=/backups | msg=Erro ao conectar no FTP de backup.
[2026-05-18 10:16:53] INFO  conectando FTP | contexto=fechamento_dia | host=ftp.matheusmotadasilva1767902997474.1442123.meusitehostgator.com.br | remote_dir=/backups | tentativa=3/3
[2026-05-18 10:17:08] ERROR falha upload | contexto=fechamento_dia | tentativa=3/3 | arquivo=/backups/prato_cheio_2026-05-18.sql | host=ftp.matheusmotadasilva1767902997474.1442123.meusitehostgator.com.br | remote_dir=/backups | msg=Erro ao conectar no FTP de backup.
[2026-05-18 10:18:06] INFO  backup iniciado | contexto=fechamento_dia | arquivo_local=/home/matheus-mota/Desenvolvimento/PFGDH_WEB/storage/backup/prato_cheio_2026-05-18.sql | tamanho_local=685180 | host=ftp.matheusmotadasilva1767902997474.1442123.meusitehostgator.com.br | usuario=ma***r | remote_dir=/backups
[2026-05-18 10:18:06] INFO  conectando FTP | contexto=fechamento_dia | host=ftp.matheusmotadasilva1767902997474.1442123.meusitehostgator.com.br | remote_dir=/backups | tentativa=1/3
[2026-05-18 10:18:21] ERROR falha upload | contexto=fechamento_dia | tentativa=1/3 | arquivo=/backups/prato_cheio_2026-05-18.sql | host=ftp.matheusmotadasilva1767902997474.1442123.meusitehostgator.com.br | remote_dir=/backups | msg=Erro ao conectar no FTP de backup.
[2026-05-18 10:18:23] INFO  conectando FTP | contexto=fechamento_dia | host=ftp.matheusmotadasilva1767902997474.1442123.meusitehostgator.com.br | remote_dir=/backups | tentativa=2/3
[2026-05-18 10:18:38] ERROR falha upload | contexto=fechamento_dia | tentativa=2/3 | arquivo=/backups/prato_cheio_2026-05-18.sql | host=ftp.matheusmotadasilva1767902997474.1442123.meusitehostgator.com.br | remote_dir=/backups | msg=Erro ao conectar no FTP de backup.
[2026-05-18 10:18:40] INFO  conectando FTP | contexto=fechamento_dia | host=ftp.matheusmotadasilva1767902997474.1442123.meusitehostgator.com.br | remote_dir=/backups | tentativa=3/3
[2026-05-18 10:18:55] ERROR falha upload | contexto=fechamento_dia | tentativa=3/3 | arquivo=/backups/prato_cheio_2026-05-18.sql | host=ftp.matheusmotadasilva1767902997474.1442123.meusitehostgator.com.br | remote_dir=/backups | msg=Erro ao conectar no FTP de backup.
[2026-05-18 14:20:40] INFO  backup iniciado | contexto=codex_ftp_msg_test | arquivo_local=/home/matheus-mota/Desenvolvimento/PFGDH_WEB/storage/backup/prato_cheio_2026-05-18.sql | tamanho_local=685180 | host=ftp.matheusmotadasilva1767902997474.1442123.meusitehostgator.com.br | usuario=ma***r | remote_dir=/backups
[2026-05-18 14:20:40] INFO  conectando FTP | contexto=codex_ftp_msg_test | host=ftp.matheusmotadasilva1767902997474.1442123.meusitehostgator.com.br | ip=104.18.42.56 | remote_dir=/backups | tentativa=1/3
[2026-05-18 14:20:55] ERROR falha upload | contexto=codex_ftp_msg_test | tentativa=1/3 | arquivo=/backups/prato_cheio_2026-05-18.sql | host=ftp.matheusmotadasilva1767902997474.1442123.meusitehostgator.com.br | remote_dir=/backups | msg=Erro ao conectar no FTP de backup. Verifique se BACKUP_FTP_HOST aponta para o servidor FTP real e se a porta 21 esta liberada.
[2026-05-18 14:20:57] INFO  conectando FTP | contexto=codex_ftp_msg_test | host=ftp.matheusmotadasilva1767902997474.1442123.meusitehostgator.com.br | ip=172.64.145.200 | remote_dir=/backups | tentativa=2/3
[2026-05-18 14:21:12] ERROR falha upload | contexto=codex_ftp_msg_test | tentativa=2/3 | arquivo=/backups/prato_cheio_2026-05-18.sql | host=ftp.matheusmotadasilva1767902997474.1442123.meusitehostgator.com.br | remote_dir=/backups | msg=Erro ao conectar no FTP de backup. Verifique se BACKUP_FTP_HOST aponta para o servidor FTP real e se a porta 21 esta liberada.
[2026-05-18 14:21:14] INFO  conectando FTP | contexto=codex_ftp_msg_test | host=ftp.matheusmotadasilva1767902997474.1442123.meusitehostgator.com.br | ip=104.18.42.56 | remote_dir=/backups | tentativa=3/3
[2026-05-18 14:21:29] ERROR falha upload | contexto=codex_ftp_msg_test | tentativa=3/3 | arquivo=/backups/prato_cheio_2026-05-18.sql | host=ftp.matheusmotadasilva1767902997474.1442123.meusitehostgator.com.br | remote_dir=/backups | msg=Erro ao conectar no FTP de backup. Verifique se BACKUP_FTP_HOST aponta para o servidor FTP real e se a porta 21 esta liberada.
[2026-05-18 13:29:01] WARN  upload de backup nao configurado | contexto=login | arquivo=/home/matheus-mota/Desenvolvimento/PFGDH_WEB/storage/backup/prato_cheio_2026-05-18.sql | host=nao_configurado | remote_dir=/backups | orientacao=crie o arquivo .env com BACKUP_FTP_HOST, BACKUP_FTP_USER e BACKUP_FTP_PASSWORD; .env.example e apenas modelo
[2026-05-18 13:31:20] WARN  upload de backup nao configurado | contexto=login | arquivo=/home/matheus-mota/Desenvolvimento/PFGDH_WEB/storage/backup/prato_cheio_2026-05-18.sql | host=nao_configurado | remote_dir=/backups | orientacao=crie o arquivo .env com BACKUP_FTP_HOST, BACKUP_FTP_USER e BACKUP_FTP_PASSWORD; .env.example e apenas modelo
[2026-05-18 13:36:14] WARN  upload de backup nao configurado | contexto=login | arquivo=/home/matheus-mota/Desenvolvimento/PFGDH_WEB/storage/backup/prato_cheio_2026-05-18.sql | host=nao_configurado | remote_dir=/backups | orientacao=crie o arquivo .env com BACKUP_FTP_HOST, BACKUP_FTP_USER e BACKUP_FTP_PASSWORD; .env.example e apenas modelo
[2026-05-18 17:39:15] INFO  backup iniciado | contexto=sftp_teste_manual | arquivo_local=/home/matheus-mota/Desenvolvimento/PFGDH_WEB/storage/backup/prato_cheio_2026-05-18.sql | tamanho_local=691657 | host=69.6.249.161 | porta=22 | usuario=ma***3 | remote_dir=/home2/mat06153/prato-cheio.ms-tecnologia.app.br/backups
[2026-05-18 17:39:15] INFO  conectando SFTP | contexto=sftp_teste_manual | host=69.6.249.161 | porta=22 | tentativa=1/3
[2026-05-18 17:39:17] INFO  tentativa upload 1/3 | contexto=sftp_teste_manual | arquivo=/home2/mat06153/prato-cheio.ms-tecnologia.app.br/backups/prato_cheio_2026-05-18.sql | arquivo_local=/home/matheus-mota/Desenvolvimento/PFGDH_WEB/storage/backup/prato_cheio_2026-05-18.sql | tamanho_local=691657 | tentativa=1/3
[2026-05-18 17:39:18] INFO  upload concluido | contexto=sftp_teste_manual | arquivo=/home2/mat06153/prato-cheio.ms-tecnologia.app.br/backups/prato_cheio_2026-05-18.sql | tamanho_local=691657 | tamanho_remoto=691657 | tentativa=1/3 | validacao=OK
[2026-05-18 17:39:18] INFO  validacao OK | contexto=sftp_teste_manual | arquivo=/home2/mat06153/prato-cheio.ms-tecnologia.app.br/backups/prato_cheio_2026-05-18.sql | tamanho_local=691657 | tamanho_remoto=691657 | tentativa=1/3
[2026-05-18 13:43:14] INFO  upload ignorado, arquivo ja marcado como enviado | contexto=fechamento_dia | arquivo=/home/matheus-mota/Desenvolvimento/PFGDH_WEB/storage/backup/prato_cheio_2026-05-18.sql | tamanho_local=691657
[2026-05-18 14:20:03] INFO  upload ignorado, arquivo ja marcado como enviado | contexto=fechamento_dia | arquivo=/home/matheus-mota/Desenvolvimento/PFGDH_WEB/storage/backup/prato_cheio_2026-05-18.sql | tamanho_local=691657
