[2026-03-30 13:12:37] SUCESSO upload PDF: relatorio_fechamento_2026-03-30_13-12-35.pdf | URL: https://prato-cheio.ms-tecnologia.app.br/prato/relatorios/relatorio_fechamento_2026-03-30_13-12-35.pdf
[2026-03-30 13:30:16] ERRO upload PDF: relatorio_fechamento_2026-03-30_13-30-16.pdf | Erro FTP (6): Could not resolve host: prato-cheio.ms-tecnologia.app.br
[2026-03-30 13:30:40] SUCESSO upload PDF: relatorio_fechamento_2026-03-30_13-30-39.pdf | URL: https://prato-cheio.ms-tecnologia.app.br/prato/relatorios/relatorio_fechamento_2026-03-30_13-30-39.pdf
[2026-03-30 14:37:16] SUCESSO upload PDF: relatorio_fechamento_2026-03-20_14-37-14.pdf | URL: https://prato-cheio.ms-tecnologia.app.br/prato/relatorios/relatorio_fechamento_2026-03-20_14-37-14.pdf
[2026-03-30 14:39:18] SUCESSO upload PDF: relatorio_fechamento_2026-03-20_14-39-17.pdf | URL: https://prato-cheio.ms-tecnologia.app.br/prato/relatorios/relatorio_fechamento_2026-03-20_14-39-17.pdf
[2026-03-31 01:50:02] SUCESSO upload PDF: relatorio_fechamento_2026-03-31_01-49-59.pdf | URL: https://prato-cheio.ms-tecnologia.app.br/prato/relatorios/relatorio_fechamento_2026-03-31_01-49-59.pdf
[2026-03-31 01:51:54] SUCESSO upload PDF: relatorio_fechamento_2026-03-31_01-51-52.pdf | URL: https://prato-cheio.ms-tecnologia.app.br/prato/relatorios/relatorio_fechamento_2026-03-31_01-51-52.pdf
[2026-03-31 17:46:56] SUCESSO upload PDF: relatorio_fechamento_2026-03-31_17-46-54.pdf | URL: https://prato-cheio.ms-tecnologia.app.br/prato/relatorios/relatorio_fechamento_2026-03-31_17-46-54.pdf
[2026-03-31 18:00:56] SUCESSO upload PDF: relatorio_fechamento_2026-03-31_18-00-54.pdf | URL: https://prato-cheio.ms-tecnologia.app.br/prato/relatorios/relatorio_fechamento_2026-03-31_18-00-54.pdf
[2026-03-31 18:01:49] SUCESSO upload PDF: relatorio_fechamento_2026-03-31_18-01-47.pdf | URL: https://prato-cheio.ms-tecnologia.app.br/prato/relatorios/relatorio_fechamento_2026-03-31_18-01-47.pdf
[2026-03-31 18:02:38] SUCESSO upload PDF: relatorio_fechamento_2026-03-31_18-02-36.pdf | URL: https://prato-cheio.ms-tecnologia.app.br/prato/relatorios/relatorio_fechamento_2026-03-31_18-02-36.pdf
[2026-03-31 18:02:43] SUCESSO upload PDF: relatorio_fechamento_2026-03-31_18-02-42.pdf | URL: https://prato-cheio.ms-tecnologia.app.br/prato/relatorios/relatorio_fechamento_2026-03-31_18-02-42.pdf
[2026-03-31 18:02:51] SUCESSO upload PDF: relatorio_fechamento_2026-03-31_18-02-48.pdf | URL: https://prato-cheio.ms-tecnologia.app.br/prato/relatorios/relatorio_fechamento_2026-03-31_18-02-48.pdf
[2026-03-31 18:02:58] SUCESSO upload PDF: relatorio_fechamento_2026-03-31_18-02-56.pdf | URL: https://prato-cheio.ms-tecnologia.app.br/prato/relatorios/relatorio_fechamento_2026-03-31_18-02-56.pdf
[2026-03-31 18:08:23] SUCESSO upload PDF: relatorio_fechamento_2026-03-31_18-08-21.pdf | URL: https://prato-cheio.ms-tecnologia.app.br/prato/relatorios/relatorio_fechamento_2026-03-31_18-08-21.pdf
[2026-03-31 18:38:50] ERRO upload PDF: relatorio_fechamento_2026-03-31_18-38-30.pdf | Erro FTP (56): Recv failure: Connection was reset
[2026-03-31 18:39:06] SUCESSO upload PDF: relatorio_fechamento_2026-03-31_18-39-04.pdf | URL: https://prato-cheio.ms-tecnologia.app.br/prato/relatorios/relatorio_fechamento_2026-03-31_18-39-04.pdf
[2026-03-31 19:11:15] SUCESSO upload PDF: relatorio_fechamento_2026-03-31_19-11-13.pdf | URL: https://prato-cheio.ms-tecnologia.app.br/prato/relatorios/relatorio_fechamento_2026-03-31_19-11-13.pdf
[2026-03-31 19:12:10] SUCESSO upload PDF: relatorio_fechamento_2026-03-31_19-12-08.pdf | URL: https://prato-cheio.ms-tecnologia.app.br/prato/relatorios/relatorio_fechamento_2026-03-31_19-12-08.pdf
[2026-03-31 19:52:31] SUCESSO upload PDF: relatorio_fechamento_2026-03-31_19-52-30.pdf | URL: https://prato-cheio.ms-tecnologia.app.br/prato/relatorios/relatorio_fechamento_2026-03-31_19-52-30.pdf
[2026-03-31 19:53:40] SUCESSO upload PDF: relatorio_fechamento_2026-03-31_19-53-39.pdf | URL: https://prato-cheio.ms-tecnologia.app.br/prato/relatorios/relatorio_fechamento_2026-03-31_19-53-39.pdf
[2026-03-31 21:04:21] SUCESSO upload PDF: relatorio_fechamento_2026-03-31_21-04-19.pdf | URL: https://prato-cheio.ms-tecnologia.app.br/prato/relatorios/relatorio_fechamento_2026-03-31_21-04-19.pdf
[2026-04-01 00:32:08] SUCESSO upload PDF: relatorio_fechamento_2026-03-31_00-32-05.pdf | URL: https://prato-cheio.ms-tecnologia.app.br/prato/relatorios/relatorio_fechamento_2026-03-31_00-32-05.pdf
[2026-04-01 00:35:21] SUCESSO upload PDF: nomeBanco_2026-03-31_00-35-20.pdf | URL: https://prato-cheio.ms-tecnologia.app.br/prato/relatorios/nomeBanco_2026-03-31_00-35-20.pdf
[2026-04-01 09:47:36] SUCESSO upload PDF: relatorio_fechamento_2026-04-01_09-47-35.pdf | URL: https://prato-cheio.ms-tecnologia.app.br/prato/relatorios/relatorio_fechamento_2026-04-01_09-47-35.pdf
[2026-04-01 10:33:43] SUCESSO upload PDF: relatorio_fechamento_2026-04-01_10-33-40.pdf | URL: https://prato-cheio.ms-tecnologia.app.br/prato/relatorios/relatorio_fechamento_2026-04-01_10-33-40.pdf
[2026-04-01 13:47:38] SUCESSO upload PDF: relatorio_fechamento_2026-04-01_13-47-36.pdf | URL: https://prato-cheio.ms-tecnologia.app.br/prato/relatorios/relatorio_fechamento_2026-04-01_13-47-36.pdf
[2026-04-01 13:49:43] SUCESSO upload PDF: relatorio_fechamento_2026-04-01_13-49-41.pdf | URL: https://prato-cheio.ms-tecnologia.app.br/prato/relatorios/relatorio_fechamento_2026-04-01_13-49-41.pdf
[2026-04-04 14:00:14] SUCESSO upload PDF: relatorio_fechamento_2026-04-04_14-00-12.pdf | URL: https://prato-cheio.ms-tecnologia.app.br/prato/relatorios/relatorio_fechamento_2026-04-04_14-00-12.pdf
[2026-04-04 14:13:31] SUCESSO upload PDF: relatorio_fechamento_2026-04-04_14-13-29.pdf | URL: https://prato-cheio.ms-tecnologia.app.br/prato/relatorios/relatorio_fechamento_2026-04-04_14-13-29.pdf
[2026-04-04 14:28:58] SUCESSO upload PDF: relatorio_fechamento_2026-04-04_14-28-56.pdf | URL: https://prato-cheio.ms-tecnologia.app.br/prato/relatorios/relatorio_fechamento_2026-04-04_14-28-56.pdf
[2026-04-04 15:52:32] SUCESSO upload PDF: relatorio_fechamento_2026-04-04_15-52-30.pdf | URL: https://prato-cheio.ms-tecnologia.app.br/prato/relatorios/relatorio_fechamento_2026-04-04_15-52-30.pdf
[2026-04-04 16:11:23] SUCESSO upload PDF: relatorio_fechamento_2026-04-04_16-11-22.pdf | URL: https://prato-cheio.ms-tecnologia.app.br/prato/relatorios/relatorio_fechamento_2026-04-04_16-11-22.pdf
[2026-04-04 17:22:16] SUCESSO upload PDF: relatorio_fechamento_2026-04-04_17-22-14.pdf | URL: https://prato-cheio.ms-tecnologia.app.br/prato/relatorios/relatorio_fechamento_2026-04-04_17-22-14.pdf
[2026-04-04 17:25:57] SUCESSO upload PDF: relatorio_fechamento_2026-04-04_17-25-56.pdf | URL: https://prato-cheio.ms-tecnologia.app.br/prato/relatorios/relatorio_fechamento_2026-04-04_17-25-56.pdf
[2026-04-07 15:26:33] SUCESSO upload PDF: relatorio_fechamento_2026-04-07_15-26-30.pdf | URL: https://prato-cheio.ms-tecnologia.app.br/prato/relatorios/relatorio_fechamento_2026-04-07_15-26-30.pdf
[2026-04-07 20:13:27] SUCESSO upload PDF: relatorio_fechamento_2026-04-07_20-13-25.pdf | URL: https://prato-cheio.ms-tecnologia.app.br/prato/relatorios/relatorio_fechamento_2026-04-07_20-13-25.pdf
[2026-04-07 20:16:16] SUCESSO upload PDF: relatorio_fechamento_2026-04-07_20-16-15.pdf | URL: https://prato-cheio.ms-tecnologia.app.br/prato/relatorios/relatorio_fechamento_2026-04-07_20-16-15.pdf
[2026-04-07 20:17:54] SUCESSO upload PDF: relatorio_fechamento_2026-04-07_20-17-53.pdf | URL: https://prato-cheio.ms-tecnologia.app.br/prato/relatorios/relatorio_fechamento_2026-04-07_20-17-53.pdf
[2026-04-07 20:19:10] SUCESSO upload PDF: relatorio_fechamento_2026-04-07_20-19-09.pdf | URL: https://prato-cheio.ms-tecnologia.app.br/prato/relatorios/relatorio_fechamento_2026-04-07_20-19-09.pdf
[2026-04-07 20:28:59] SUCESSO upload PDF: relatorio_fechamento_2026-04-07_20-28-57.pdf | URL: https://prato-cheio.ms-tecnologia.app.br/prato/relatorios/relatorio_fechamento_2026-04-07_20-28-57.pdf
[2026-04-07 20:32:47] SUCESSO upload PDF: relatorio_fechamento_2026-04-07_20-32-45.pdf | URL: https://prato-cheio.ms-tecnologia.app.br/prato/relatorios/relatorio_fechamento_2026-04-07_20-32-45.pdf
[2026-04-07 20:35:55] SUCESSO upload PDF: relatorio_fechamento_2026-04-07_20-35-53.pdf | URL: https://prato-cheio.ms-tecnologia.app.br/prato/relatorios/relatorio_fechamento_2026-04-07_20-35-53.pdf
[2026-04-07 22:13:07] ERRO backup+envio: Backup executado, mas o arquivo ZIP não foi localizado.
[2026-04-07 22:16:12] SUCESSO upload PDF: relatorio_fechamento_2026-04-07_22-16-09.pdf | URL: https://prato-cheio.ms-tecnologia.app.br/prato/relatorios/relatorio_fechamento_2026-04-07_22-16-09.pdf
[2026-04-07 22:19:14] ERRO backup+envio: Backup executado, mas o arquivo ZIP não foi localizado.
[2026-04-07 22:31:40] ERRO backup+envio: Backup executado, mas o arquivo ZIP não foi localizado.
[2026-04-10 10:01:34] ERRO geral sync remoto: tb_relatorios não encontrado.
[2026-04-10 10:04:06] ERRO geral sync remoto: tb_fechamento_dia não encontrado.
[2026-04-10 10:05:30] ERRO geral sync remoto: tb_fechamento_dia não encontrado.
[2026-04-10 10:07:57] ERRO tb_fechamento_dia remoto: SQLSTATE[42S02]: Base table or view not found: 1146 Table 'mat06153_portal_relatorios.tb_fechamento_dia' doesn't exist
[2026-04-10 10:08:02] ERRO tb_fechamento_dia remoto: SQLSTATE[42S02]: Base table or view not found: 1146 Table 'mat06153_portal_relatorios.tb_fechamento_dia' doesn't exist
[2026-04-10 10:09:43] ERRO tb_fechamento_dia remoto: SQLSTATE[42S02]: Base table or view not found: 1146 Table 'mat06153_portal_relatorios.tb_fechamento_dia' doesn't exist
[2026-04-10 10:16:23] SUCESSO upload PDF: relatorio_fechamento_2026-04-10_10-16-22.pdf | URL: https://prato-cheio.ms-tecnologia.app.br/prato/relatorios/relatorio_fechamento_2026-04-10_10-16-22.pdf
[2026-04-10 10:37:02] SUCESSO upload PDF: relatorio_fechamento_2026-04-10_10-37-01.pdf | URL: https://prato-cheio.ms-tecnologia.app.br/prato/relatorios/relatorio_fechamento_2026-04-10_10-37-01.pdf
[2026-04-10 10:57:40] SUCESSO upload PDF: prato_cheio_2026-04-10_10-57-39.pdf | URL: https://prato-cheio.ms-tecnologia.app.br/prato/relatorios/prato_cheio_2026-04-10_10-57-39.pdf
[2026-04-13 15:42:20] SUCESSO upload PDF: prato_cheio_2026-04-13_15-42-18.pdf | URL: https://prato-cheio.ms-tecnologia.app.br/prato/relatorios/prato_cheio_2026-04-13_15-42-18.pdf
[2026-04-13 15:43:30] SUCESSO upload PDF: prato_cheio_2026-04-13_15-43-29.pdf | URL: https://prato-cheio.ms-tecnologia.app.br/prato/relatorios/prato_cheio_2026-04-13_15-43-29.pdf
[2026-04-18 20:10:53] SUCESSO upload PDF: compensa_2026-04-18_20-10-50.pdf | URL: https://prato-cheio.ms-tecnologia.app.br/prato/relatorios/compensa_2026-04-18_20-10-50.pdf
[2026-04-18 20:14:31] SUCESSO upload PDF: compensa_2026-04-18_20-14-26.pdf | URL: https://prato-cheio.ms-tecnologia.app.br/prato/relatorios/compensa_2026-04-18_20-14-26.pdf
[2026-04-18 20:24:00] SUCESSO upload PDF: compensa_2026-04-18.pdf | URL: https://prato-cheio.ms-tecnologia.app.br/prato/relatorios/compensa_2026-04-18.pdf
[2026-04-18 20:24:59] SUCESSO upload PDF: compensa_2026-04-18.pdf | URL: https://prato-cheio.ms-tecnologia.app.br/prato/relatorios/compensa_2026-04-18.pdf
[2026-04-18 20:25:22] SUCESSO upload PDF: compensa_2026-04-18.pdf | URL: https://prato-cheio.ms-tecnologia.app.br/prato/relatorios/compensa_2026-04-18.pdf
[2026-04-18 20:25:55] SUCESSO upload PDF: compensa_2026-04-18.pdf | URL: https://prato-cheio.ms-tecnologia.app.br/prato/relatorios/compensa_2026-04-18.pdf
[2026-04-18 20:33:24] ERRO upload PDF: compensa_2026-04-18.pdf | SQLSTATE[HY093]: Invalid parameter number: number of bound variables does not match number of tokens
[2026-04-18 20:41:49] SUCESSO upload PDF: compensa_2026-04-18.pdf | URL: https://prato-cheio.ms-tecnologia.app.br/prato/relatorios/compensa_2026-04-18.pdf
[2026-04-18 20:47:43] SUCESSO upload PDF: compensa_2026-04-18.pdf | URL: https://prato-cheio.ms-tecnologia.app.br/prato/relatorios/compensa_2026-04-18.pdf
[2026-04-18 20:49:10] SUCESSO upload PDF: compensa_2026-04-18.pdf | URL: https://prato-cheio.ms-tecnologia.app.br/prato/relatorios/compensa_2026-04-18.pdf
[2026-04-18 20:51:17] SUCESSO upload PDF: compensa_2026-04-18.pdf | URL: https://prato-cheio.ms-tecnologia.app.br/prato/relatorios/compensa_2026-04-18.pdf
[2026-04-18 20:57:24] SUCESSO upload PDF: compensa_2026-04-18.pdf | URL: https://prato-cheio.ms-tecnologia.app.br/prato/relatorios/compensa_2026-04-18.pdf
[2026-04-19 17:43:57] SUCESSO upload PDF: compensa_2026-04-19.pdf | URL: https://prato-cheio.ms-tecnologia.app.br/prato/relatorios/compensa_2026-04-19.pdf
[2026-04-19 18:53:30] SUCESSO upload PDF: prato_cheio_2026-04-19.pdf | URL: https://prato-cheio.ms-tecnologia.app.br/prato/relatorios/prato_cheio_2026-04-19.pdf
[2026-04-19 19:24:11] SUCESSO upload PDF: centro_2026-04-09.pdf | URL: https://prato-cheio.ms-tecnologia.app.br/prato/relatorios/centro_2026-04-09.pdf
[2026-04-19 19:24:39] SUCESSO upload PDF: centro_2026-04-08.pdf | URL: https://prato-cheio.ms-tecnologia.app.br/prato/relatorios/centro_2026-04-08.pdf
[2026-04-22 15:20:19] SUCESSO upload PDF: prato_cheio_2026-04-22.pdf | URL: https://prato-cheio.ms-tecnologia.app.br/prato/relatorios/prato_cheio_2026-04-22.pdf
[2026-04-27 14:34:45] ERRO ao salvar histórico no banco remoto: SQLSTATE[HY000] [2006] MySQL server has gone away
[2026-04-27 14:34:47] Histórico garantido no banco remoto para o arquivo: prato_cheio_2026-04-27.pdf
[2026-04-27 14:34:47] SUCESSO upload PDF: prato_cheio_2026-04-27.pdf | URL: https://prato-cheio.ms-tecnologia.app.br/prato/relatorios/prato_cheio_2026-04-27.pdf
[2026-05-04 16:23:03] SUCESSO upload PDF: prato_cheio_2026-05-04.pdf | URL: https://prato-cheio.ms-tecnologia.app.br/prato/relatorios/prato_cheio_2026-05-04.pdf
[2026-05-04 22:30:22] ERRO backup+envio: Backup executado, mas o arquivo ZIP não foi localizado.
[2026-05-07 13:30:57] SUCESSO upload PDF: aleixo_2026-05-07.pdf | URL: https://prato-cheio.ms-tecnologia.app.br/prato/relatorios/aleixo_2026-05-07.pdf
[2026-05-12 22:18:14] ERRO backup+envio: Backup executado, mas o arquivo ZIP não foi localizado.
[2026-05-13 15:10:34] ERRO upload PDF: prato_cheio_2026-05-13.pdf | Erro FTP (6): Could not resolve host: relatorios
[2026-05-13 15:11:15] ERRO upload PDF: prato_cheio_2026-05-13.pdf | Erro FTP (6): Could not resolve host: relatorios
[2026-05-13 15:18:44] ERRO upload PDF: prato_cheio_2026-05-13.pdf | Configuração FTP inválida: RELATORIO_FTP_HOST não está configurado corretamente. Valor atual: 
[2026-05-13 15:18:55] ERRO upload PDF: prato_cheio_2026-05-13.pdf | Configuração FTP inválida: RELATORIO_FTP_HOST não está configurado corretamente. Valor atual: 
[2026-05-13 15:25:53] SUCESSO upload PDF: prato_cheio_2026-05-13.pdf | URL: http://www.prato.com.br/relatorios/prato_cheio_2026-05-13.pdf
[2026-05-16 19:25:52] ERRO geral sync remoto: Banco remoto desativado ou sem configuracao.
[2026-05-16 19:26:02] ERRO geral sync remoto: Banco remoto desativado ou sem configuracao.
[2026-05-18 10:17:08] ERRO geral sync remoto: SQLSTATE[HY000] [2002] No such file or directory
[2026-05-18 10:17:08] ERRO geral sync remoto: SQLSTATE[HY000] [2002] No such file or directory
[2026-05-18 10:17:08] ERRO geral sync remoto: SQLSTATE[HY000] [2002] No such file or directory
[2026-05-18 10:18:55] ERRO geral sync remoto: SQLSTATE[HY000] [2002] No such file or directory
[2026-05-18 10:18:55] ERRO geral sync remoto: SQLSTATE[HY000] [2002] No such file or directory
[2026-05-18 10:18:55] ERRO geral sync remoto: SQLSTATE[HY000] [2002] No such file or directory
[2026-05-18 10:19:02] ERRO geral sync remoto: SQLSTATE[HY000] [2002] No such file or directory
[2026-05-18 10:19:02] ERRO geral sync remoto: SQLSTATE[HY000] [2002] No such file or directory
[2026-05-18 10:19:02] ERRO geral sync remoto: SQLSTATE[HY000] [2002] No such file or directory
[2026-05-18 10:19:03] ERRO geral sync remoto: SQLSTATE[HY000] [2002] No such file or directory
[2026-05-18 10:19:03] ERRO geral sync remoto: SQLSTATE[HY000] [2002] No such file or directory
[2026-05-18 10:19:03] ERRO geral sync remoto: SQLSTATE[HY000] [2002] No such file or directory
[2026-05-18 13:08:54] ERRO ao salvar histórico no banco remoto: Banco remoto ativado, mas sem configuracao completa. Preencha RELATORIO_REMOTE_DB_HOST, RELATORIO_REMOTE_DB_NAME, RELATORIO_REMOTE_DB_USER e RELATORIO_REMOTE_DB_PASSWORD no .env, ou defina RELATORIO_REMOTE_DB_ENABLED=false.
[2026-05-18 13:08:54] Falha ao garantir histórico no banco remoto: Banco remoto ativado, mas sem configuracao completa. Preencha RELATORIO_REMOTE_DB_HOST, RELATORIO_REMOTE_DB_NAME, RELATORIO_REMOTE_DB_USER e RELATORIO_REMOTE_DB_PASSWORD no .env, ou defina RELATORIO_REMOTE_DB_ENABLED=false.
[2026-05-18 13:08:54] SUCESSO upload PDF: prato_cheio_2026-05-18.pdf | URL: http://localhost:8000/relatorios/prato_cheio_2026-05-18.pdf
[2026-05-18 13:43:14] ERRO geral sync remoto: Banco remoto ativado, mas sem configuracao completa. Preencha RELATORIO_REMOTE_DB_HOST, RELATORIO_REMOTE_DB_NAME, RELATORIO_REMOTE_DB_USER e RELATORIO_REMOTE_DB_PASSWORD no .env, ou defina RELATORIO_REMOTE_DB_ENABLED=false.
[2026-05-18 13:43:14] ERRO geral sync remoto: Banco remoto ativado, mas sem configuracao completa. Preencha RELATORIO_REMOTE_DB_HOST, RELATORIO_REMOTE_DB_NAME, RELATORIO_REMOTE_DB_USER e RELATORIO_REMOTE_DB_PASSWORD no .env, ou defina RELATORIO_REMOTE_DB_ENABLED=false.
[2026-05-18 13:43:14] ERRO geral sync remoto: Banco remoto ativado, mas sem configuracao completa. Preencha RELATORIO_REMOTE_DB_HOST, RELATORIO_REMOTE_DB_NAME, RELATORIO_REMOTE_DB_USER e RELATORIO_REMOTE_DB_PASSWORD no .env, ou defina RELATORIO_REMOTE_DB_ENABLED=false.
[2026-05-18 13:43:19] ERRO geral sync remoto: Banco remoto ativado, mas sem configuracao completa. Preencha RELATORIO_REMOTE_DB_HOST, RELATORIO_REMOTE_DB_NAME, RELATORIO_REMOTE_DB_USER e RELATORIO_REMOTE_DB_PASSWORD no .env, ou defina RELATORIO_REMOTE_DB_ENABLED=false.
[2026-05-18 13:43:19] ERRO geral sync remoto: Banco remoto ativado, mas sem configuracao completa. Preencha RELATORIO_REMOTE_DB_HOST, RELATORIO_REMOTE_DB_NAME, RELATORIO_REMOTE_DB_USER e RELATORIO_REMOTE_DB_PASSWORD no .env, ou defina RELATORIO_REMOTE_DB_ENABLED=false.
[2026-05-18 13:43:19] ERRO geral sync remoto: Banco remoto ativado, mas sem configuracao completa. Preencha RELATORIO_REMOTE_DB_HOST, RELATORIO_REMOTE_DB_NAME, RELATORIO_REMOTE_DB_USER e RELATORIO_REMOTE_DB_PASSWORD no .env, ou defina RELATORIO_REMOTE_DB_ENABLED=false.
[2026-05-18 14:03:02] ERRO geral sync remoto: Banco remoto ativado, mas sem configuracao completa. Preencha RELATORIO_REMOTE_DB_HOST, RELATORIO_REMOTE_DB_NAME, RELATORIO_REMOTE_DB_USER e RELATORIO_REMOTE_DB_PASSWORD no .env, ou defina RELATORIO_REMOTE_DB_ENABLED=false.
[2026-05-18 14:03:02] ERRO geral sync remoto: Banco remoto ativado, mas sem configuracao completa. Preencha RELATORIO_REMOTE_DB_HOST, RELATORIO_REMOTE_DB_NAME, RELATORIO_REMOTE_DB_USER e RELATORIO_REMOTE_DB_PASSWORD no .env, ou defina RELATORIO_REMOTE_DB_ENABLED=false.
[2026-05-18 14:03:02] ERRO geral sync remoto: Banco remoto ativado, mas sem configuracao completa. Preencha RELATORIO_REMOTE_DB_HOST, RELATORIO_REMOTE_DB_NAME, RELATORIO_REMOTE_DB_USER e RELATORIO_REMOTE_DB_PASSWORD no .env, ou defina RELATORIO_REMOTE_DB_ENABLED=false.
[2026-05-18 14:19:58] SUCESSO upload PDF: prato_cheio_2026-05-18.pdf | URL: http://localhost:8000/relatorios/prato_cheio_2026-05-18.pdf
[2026-05-18 14:20:16] SUCESSO upload PDF: prato_cheio_2026-05-18.pdf | URL: http://localhost:8000/relatorios/prato_cheio_2026-05-18.pdf
[2026-05-18 16:55:10] SUCESSO upload PDF: prato_cheio_2026-05-18.pdf | URL: http://localhost:8000/relatorios/prato_cheio_2026-05-18.pdf
[2026-05-19 09:32:20] SUCESSO upload PDF: prato_cheio_2026-05-19.pdf | URL: http://localhost:8000/relatorios/prato_cheio_2026-05-19.pdf
[2026-05-20 13:00:08] SUCESSO upload PDF: prato_cheio_2026-05-20.pdf | URL: http://localhost:8000/relatorios/prato_cheio_2026-05-20.pdf
[2026-05-20 13:37:06] SUCESSO upload PDF: prato_cheio_2026-05-20.pdf | URL: http://localhost:8000/prato/relatorios/prato_cheio_2026-05-20.pdf
[2026-05-20 14:10:31] SUCESSO upload PDF: prato_cheio_2026-05-20.pdf | URL: https://prato-cheio.ms-tecnologia.app.br/prato/relatorios/prato_cheio_2026-05-20.pdf
[2026-05-20 14:10:42] SUCESSO upload PDF: prato_cheio_2026-05-20.pdf | URL: https://prato-cheio.ms-tecnologia.app.br/prato/relatorios/prato_cheio_2026-05-20.pdf
[2026-05-20 14:12:26] SUCESSO upload PDF: prato_cheio_2026-05-20.pdf | URL: https://prato-cheio.ms-tecnologia.app.br/prato/relatorios/prato_cheio_2026-05-20.pdf
